---
http_interactions:
- request:
    method: post
    uri: https://<host>/services/oauth2/token
    body:
      encoding: US-ASCII
      string: grant_type=password&client_id=<client_id>&client_secret=<client_secret>&username=<username>&password=<password><security_token>
    headers:
      User-Agent:
      - Faraday v0.9.1
      Content-Type:
      - application/x-www-form-urlencoded
      Accept-Encoding:
      - gzip;q=1.0,deflate;q=0.6,identity;q=0.3
      Accept:
      - "*/*"
  response:
    status:
      code: 200
      message: OK
    headers:
      Date:
      - Mon, 08 Jun 2015 22:13:01 GMT
      Set-Cookie:
      - BrowserId=sKqrkE6sTzS6HR0zsGbUpw;Path=/;Domain=.salesforce.com;Expires=Fri,
        07-Aug-2015 22:13:01 GMT
      Expires:
      - Thu, 01 Jan 1970 00:00:00 GMT
      Pragma:
      - no-cache
      Cache-Control:
      - no-cache, no-store
      Content-Type:
      - application/json;charset=UTF-8
      Transfer-Encoding:
      - chunked
    body:
      encoding: ASCII-8BIT
      string: '{"id":"https://login.salesforce.com/id/00D1a000000H3O9EAK/0051a000000UGT8AAO","issued_at":"1433801581584","token_type":"Bearer","instance_url":"https://<host>","signature":"d4tqYKJNQMfCAWqkYyVInlRw7b6qGZvw8ONYXgbfAZE=","access_token":"00D1a000000H3O9!AQ4AQH0rZGqBVji7vO4sB8J1_YW.g5S2vIbe9IaUgwHpwLPEdpfIcj9Ngpc2CndFvJZMwVIIp15.yQQOil19Qc2MuedbnlQz"}'
    http_version: 
  recorded_at: Mon, 08 Jun 2015 22:13:03 GMT
- request:
    method: post
    uri: https://<host>/services/data/<api_version>/sobjects/Contact
    body:
      encoding: UTF-8
      string: '{"Email":"somebody@example.com","LastName":"Somebody"}'
    headers:
      User-Agent:
      - Faraday v0.9.1
      Content-Type:
      - application/json
      Authorization:
      - OAuth 00D1a000000H3O9!AQ4AQH0rZGqBVji7vO4sB8J1_YW.g5S2vIbe9IaUgwHpwLPEdpfIcj9Ngpc2CndFvJZMwVIIp15.yQQOil19Qc2MuedbnlQz
      Accept-Encoding:
      - gzip;q=1.0,deflate;q=0.6,identity;q=0.3
      Accept:
      - "*/*"
  response:
    status:
      code: 201
      message: Created
    headers:
      Date:
      - Mon, 08 Jun 2015 22:13:01 GMT
      Set-Cookie:
      - BrowserId=sVM1lhfRTUuv0eqcNN3RGQ;Path=/;Domain=.salesforce.com;Expires=Fri,
        07-Aug-2015 22:13:01 GMT
      Expires:
      - Thu, 01 Jan 1970 00:00:00 GMT
      Sforce-Limit-Info:
      - api-usage=44/15000
      Location:
      - "/services/data/<api_version>/sobjects/Contact/0031a000004cfNIAAY"
      Content-Type:
      - application/json;charset=UTF-8
      Transfer-Encoding:
      - chunked
    body:
      encoding: ASCII-8BIT
      string: '{"id":"0031a000004cfNIAAY","success":true,"errors":[]}'
    http_version: 
  recorded_at: Mon, 08 Jun 2015 22:13:03 GMT
- request:
    method: post
    uri: https://<host>/services/data/<api_version>/sobjects/CustomObject__c
    body:
      encoding: UTF-8
      string: '{"Friend__c":"0031a000004cfNIAAY"}'
    headers:
      User-Agent:
      - Faraday v0.9.1
      Content-Type:
      - application/json
      Authorization:
      - OAuth 00D1a000000H3O9!AQ4AQH0rZGqBVji7vO4sB8J1_YW.g5S2vIbe9IaUgwHpwLPEdpfIcj9Ngpc2CndFvJZMwVIIp15.yQQOil19Qc2MuedbnlQz
      Accept-Encoding:
      - gzip;q=1.0,deflate;q=0.6,identity;q=0.3
      Accept:
      - "*/*"
  response:
    status:
      code: 201
      message: Created
    headers:
      Date:
      - Mon, 08 Jun 2015 22:13:01 GMT
      Set-Cookie:
      - BrowserId=YgmNXv8nTE2MLy2xW_bfwA;Path=/;Domain=.salesforce.com;Expires=Fri,
        07-Aug-2015 22:13:01 GMT
      Expires:
      - Thu, 01 Jan 1970 00:00:00 GMT
      Sforce-Limit-Info:
      - api-usage=47/15000
      Location:
      - "/services/data/<api_version>/sobjects/CustomObject__c/a001a000001cF6hAAE"
      Content-Type:
      - application/json;charset=UTF-8
      Transfer-Encoding:
      - chunked
    body:
      encoding: ASCII-8BIT
      string: '{"id":"a001a000001cF6hAAE","success":true,"errors":[]}'
    http_version: 
  recorded_at: Mon, 08 Jun 2015 22:13:03 GMT
- request:
    method: get
    uri: https://<host>/services/data/<api_version>/query?q=select%20Id,%20SystemModstamp,%20LastModifiedById,%20Email%20from%20Contact%20where%20Id%20=%20%270031a000004cfNIAAY%27
    body:
      encoding: US-ASCII
      string: ''
    headers:
      User-Agent:
      - Faraday v0.9.1
      Authorization:
      - OAuth 00D1a000000H3O9!AQ4AQH0rZGqBVji7vO4sB8J1_YW.g5S2vIbe9IaUgwHpwLPEdpfIcj9Ngpc2CndFvJZMwVIIp15.yQQOil19Qc2MuedbnlQz
      Accept-Encoding:
      - gzip;q=1.0,deflate;q=0.6,identity;q=0.3
      Accept:
      - "*/*"
  response:
    status:
      code: 200
      message: OK
    headers:
      Date:
      - Mon, 08 Jun 2015 22:13:02 GMT
      Set-Cookie:
      - BrowserId=cO3LD4O8RPOv9JX0-kjYNA;Path=/;Domain=.salesforce.com;Expires=Fri,
        07-Aug-2015 22:13:02 GMT
      Expires:
      - Thu, 01 Jan 1970 00:00:00 GMT
      Sforce-Limit-Info:
      - api-usage=48/15000
      Content-Type:
      - application/json;charset=UTF-8
      Transfer-Encoding:
      - chunked
    body:
      encoding: ASCII-8BIT
      string: '{"totalSize":1,"done":true,"records":[{"attributes":{"type":"Contact","url":"/services/data/<api_version>/sobjects/Contact/0031a000004cfNIAAY"},"Id":"0031a000004cfNIAAY","SystemModstamp":"2015-06-08T22:13:01.000+0000","LastModifiedById":"0051a000000UGT8AAO","Email":"somebody@example.com"}]}'
    http_version: 
  recorded_at: Mon, 08 Jun 2015 22:13:03 GMT
- request:
    method: get
    uri: https://<host>/services/data/<api_version>/query?q=select%20Id,%20SystemModstamp,%20LastModifiedById,%20Name,%20Example_Field__c,%20Friend__c%20from%20CustomObject__c%20where%20Friend__c%20=%20%270031a000004cfNIAAY%27
    body:
      encoding: US-ASCII
      string: ''
    headers:
      User-Agent:
      - Faraday v0.9.1
      Authorization:
      - OAuth 00D1a000000H3O9!AQ4AQH0rZGqBVji7vO4sB8J1_YW.g5S2vIbe9IaUgwHpwLPEdpfIcj9Ngpc2CndFvJZMwVIIp15.yQQOil19Qc2MuedbnlQz
      Accept-Encoding:
      - gzip;q=1.0,deflate;q=0.6,identity;q=0.3
      Accept:
      - "*/*"
  response:
    status:
      code: 200
      message: OK
    headers:
      Date:
      - Mon, 08 Jun 2015 22:13:02 GMT
      Set-Cookie:
      - BrowserId=Z6JcqrE5TASgnkg672yqeA;Path=/;Domain=.salesforce.com;Expires=Fri,
        07-Aug-2015 22:13:02 GMT
      Expires:
      - Thu, 01 Jan 1970 00:00:00 GMT
      Sforce-Limit-Info:
      - api-usage=45/15000
      Content-Type:
      - application/json;charset=UTF-8
      Transfer-Encoding:
      - chunked
    body:
      encoding: ASCII-8BIT
      string: '{"totalSize":1,"done":true,"records":[{"attributes":{"type":"CustomObject__c","url":"/services/data/<api_version>/sobjects/CustomObject__c/a001a000001cF6hAAE"},"Id":"a001a000001cF6hAAE","SystemModstamp":"2015-06-08T22:13:01.000+0000","LastModifiedById":"0051a000000UGT8AAO","Name":"a001a000001cF6h","Example_Field__c":null,"Friend__c":"0031a000004cfNIAAY"}]}'
    http_version: 
  recorded_at: Mon, 08 Jun 2015 22:13:03 GMT
- request:
    method: delete
    uri: https://<host>/services/data/<api_version>/sobjects/Contact/0031a000004cfNIAAY
    body:
      encoding: US-ASCII
      string: ''
    headers:
      User-Agent:
      - Faraday v0.9.1
      Authorization:
      - OAuth 00D1a000000H3O9!AQ4AQH0rZGqBVji7vO4sB8J1_YW.g5S2vIbe9IaUgwHpwLPEdpfIcj9Ngpc2CndFvJZMwVIIp15.yQQOil19Qc2MuedbnlQz
      Accept-Encoding:
      - gzip;q=1.0,deflate;q=0.6,identity;q=0.3
      Accept:
      - "*/*"
  response:
    status:
      code: 204
      message: No Content
    headers:
      Date:
      - Mon, 08 Jun 2015 22:13:02 GMT
      Set-Cookie:
      - BrowserId=-OOcklcjSFC9OrnFTpZ7DA;Path=/;Domain=.salesforce.com;Expires=Fri,
        07-Aug-2015 22:13:02 GMT
      Expires:
      - Thu, 01 Jan 1970 00:00:00 GMT
      Sforce-Limit-Info:
      - api-usage=47/15000
    body:
      encoding: UTF-8
      string: ''
    http_version: 
  recorded_at: Mon, 08 Jun 2015 22:13:04 GMT
- request:
    method: delete
    uri: https://<host>/services/data/<api_version>/sobjects/CustomObject__c/a001a000001cF6hAAE
    body:
      encoding: US-ASCII
      string: ''
    headers:
      User-Agent:
      - Faraday v0.9.1
      Authorization:
      - OAuth 00D1a000000H3O9!AQ4AQH0rZGqBVji7vO4sB8J1_YW.g5S2vIbe9IaUgwHpwLPEdpfIcj9Ngpc2CndFvJZMwVIIp15.yQQOil19Qc2MuedbnlQz
      Accept-Encoding:
      - gzip;q=1.0,deflate;q=0.6,identity;q=0.3
      Accept:
      - "*/*"
  response:
    status:
      code: 204
      message: No Content
    headers:
      Date:
      - Mon, 08 Jun 2015 22:13:02 GMT
      Set-Cookie:
      - BrowserId=n5dHNgOeS12RFiovV-taNQ;Path=/;Domain=.salesforce.com;Expires=Fri,
        07-Aug-2015 22:13:02 GMT
      Expires:
      - Thu, 01 Jan 1970 00:00:00 GMT
      Sforce-Limit-Info:
      - api-usage=46/15000
    body:
      encoding: UTF-8
      string: ''
    http_version: 
  recorded_at: Mon, 08 Jun 2015 22:13:04 GMT
recorded_with: VCR 2.9.3
