---
http_interactions:
- request:
    method: post
    uri: https://<host>/services/oauth2/token
    body:
      encoding: US-ASCII
      string: grant_type=password&client_id=<client_id>&client_secret=<client_secret>&username=<username>&password=<password><security_token>
    headers:
      User-Agent:
      - Faraday v0.9.1
      Content-Type:
      - application/x-www-form-urlencoded
      Accept-Encoding:
      - gzip;q=1.0,deflate;q=0.6,identity;q=0.3
      Accept:
      - "*/*"
  response:
    status:
      code: 200
      message: OK
    headers:
      Date:
      - Tue, 30 Jun 2015 21:55:29 GMT
      Set-Cookie:
      - BrowserId=hat_S98hQ5q6-kteuUX_xA;Path=/;Domain=.salesforce.com;Expires=Sat,
        29-Aug-2015 21:55:29 GMT
      Expires:
      - Thu, 01 Jan 1970 00:00:00 GMT
      Pragma:
      - no-cache
      Cache-Control:
      - no-cache, no-store
      Content-Type:
      - application/json;charset=UTF-8
      Transfer-Encoding:
      - chunked
    body:
      encoding: ASCII-8BIT
      string: '{"id":"https://login.salesforce.com/id/00D1a000000H3O9EAK/0051a000000UGT8AAO","issued_at":"1435701329559","token_type":"Bearer","instance_url":"https://<host>","signature":"eHyKdL+9ynInOSrB72EDOkm9VgT/oPAUHFvF6210xBY=","access_token":"00D1a000000H3O9!AQ4AQCuQcUjpJEq9lrBhPkqOA0H54X35lOGdjXK_f7u4TlJkBXW4P6Yb_svq0CVrLupjKXzW7Zx3KIj4GLQzCtt5g5Eot9U9"}'
    http_version: 
  recorded_at: Tue, 30 Jun 2015 21:55:29 GMT
- request:
    method: post
    uri: https://<host>/services/data/<api_version>/sobjects/CustomObject__c
    body:
      encoding: UTF-8
      string: '{"Name":"Are you going to Scarborough Fair?","Example_Field__c":"Parsley,
        Sage, Rosemary, and Thyme."}'
    headers:
      User-Agent:
      - Faraday v0.9.1
      Content-Type:
      - application/json
      Authorization:
      - OAuth 00D1a000000H3O9!AQ4AQCuQcUjpJEq9lrBhPkqOA0H54X35lOGdjXK_f7u4TlJkBXW4P6Yb_svq0CVrLupjKXzW7Zx3KIj4GLQzCtt5g5Eot9U9
      Accept-Encoding:
      - gzip;q=1.0,deflate;q=0.6,identity;q=0.3
      Accept:
      - "*/*"
  response:
    status:
      code: 201
      message: Created
    headers:
      Date:
      - Tue, 30 Jun 2015 21:55:30 GMT
      Set-Cookie:
      - BrowserId=ToJ-DE0rT9igC1o66wh4SA;Path=/;Domain=.salesforce.com;Expires=Sat,
        29-Aug-2015 21:55:30 GMT
      Expires:
      - Thu, 01 Jan 1970 00:00:00 GMT
      Sforce-Limit-Info:
      - api-usage=2/15000
      Location:
      - "/services/data/<api_version>/sobjects/CustomObject__c/a001a00000306RWAAY"
      Content-Type:
      - application/json;charset=UTF-8
      Transfer-Encoding:
      - chunked
    body:
      encoding: ASCII-8BIT
      string: '{"id":"a001a00000306RWAAY","success":true,"errors":[]}'
    http_version: 
  recorded_at: Tue, 30 Jun 2015 21:55:30 GMT
- request:
    method: delete
    uri: https://<host>/services/data/<api_version>/sobjects/CustomObject__c/a001a00000306RWAAY
    body:
      encoding: US-ASCII
      string: ''
    headers:
      User-Agent:
      - Faraday v0.9.1
      Authorization:
      - OAuth 00D1a000000H3O9!AQ4AQCuQcUjpJEq9lrBhPkqOA0H54X35lOGdjXK_f7u4TlJkBXW4P6Yb_svq0CVrLupjKXzW7Zx3KIj4GLQzCtt5g5Eot9U9
      Accept-Encoding:
      - gzip;q=1.0,deflate;q=0.6,identity;q=0.3
      Accept:
      - "*/*"
  response:
    status:
      code: 204
      message: No Content
    headers:
      Date:
      - Tue, 30 Jun 2015 21:55:31 GMT
      Set-Cookie:
      - BrowserId=BJkKXEqpS6yRWaMBcZNnag;Path=/;Domain=.salesforce.com;Expires=Sat,
        29-Aug-2015 21:55:31 GMT
      Expires:
      - Thu, 01 Jan 1970 00:00:00 GMT
      Sforce-Limit-Info:
      - api-usage=1/15000
    body:
      encoding: UTF-8
      string: ''
    http_version: 
  recorded_at: Tue, 30 Jun 2015 21:55:31 GMT
recorded_with: VCR 2.9.3
