---
http_interactions:
- request:
    method: post
    uri: https://<host>/services/oauth2/token
    body:
      encoding: US-ASCII
      string: grant_type=password&client_id=<client_id>&client_secret=<client_secret>&username=<username>&password=<password><security_token>
    headers:
      User-Agent:
      - Faraday v0.9.1
      Content-Type:
      - application/x-www-form-urlencoded
      Accept-Encoding:
      - gzip;q=1.0,deflate;q=0.6,identity;q=0.3
      Accept:
      - "*/*"
  response:
    status:
      code: 200
      message: OK
    headers:
      Date:
      - Fri, 15 May 2015 01:18:24 GMT
      Set-Cookie:
      - BrowserId=j2QgC7H7QJ2fAYEE43Pj0g;Path=/;Domain=.salesforce.com;Expires=Tue,
        14-Jul-2015 01:18:24 GMT
      Expires:
      - Thu, 01 Jan 1970 00:00:00 GMT
      Pragma:
      - no-cache
      Cache-Control:
      - no-cache, no-store
      Content-Type:
      - application/json;charset=UTF-8
      Transfer-Encoding:
      - chunked
    body:
      encoding: ASCII-8BIT
      string: '{"id":"https://login.salesforce.com/id/00D1a000000H3O9EAK/0051a000000UGT8AAO","issued_at":"1431652704097","token_type":"Bearer","instance_url":"https://<host>","signature":"nXpmcIeEZIsN2++65pm8yRR9GhzJ5rvZFWHa8lGdtaE=","access_token":"00D1a000000H3O9!AQ4AQOOuLg_qT_KH0d7e0MZl9eLqLOVkelXCvogl6uoC11zAr2MxSfN.Kp.FGeGl6RwwgcLORuGYbL2Rk2tznb5e22BOVEcb"}'
    http_version:
  recorded_at: Fri, 15 May 2015 01:18:24 GMT
- request:
    method: post
    uri: https://<host>/services/data/<api_version>/sobjects/CustomObject__c
    body:
      encoding: UTF-8
      string: '{"Name":"Custom object","Example_Field__c":"Some sample text"}'
    headers:
      User-Agent:
      - Faraday v0.9.1
      Content-Type:
      - application/json
      Authorization:
      - OAuth 00D1a000000H3O9!AQ4AQOOuLg_qT_KH0d7e0MZl9eLqLOVkelXCvogl6uoC11zAr2MxSfN.Kp.FGeGl6RwwgcLORuGYbL2Rk2tznb5e22BOVEcb
      Accept-Encoding:
      - gzip;q=1.0,deflate;q=0.6,identity;q=0.3
      Accept:
      - "*/*"
  response:
    status:
      code: 201
      message: Created
    headers:
      Date:
      - Fri, 15 May 2015 01:18:25 GMT
      Set-Cookie:
      - BrowserId=06htfX4VR7OCduFgcqXWug;Path=/;Domain=.salesforce.com;Expires=Tue,
        14-Jul-2015 01:18:25 GMT
      Expires:
      - Thu, 01 Jan 1970 00:00:00 GMT
      Sforce-Limit-Info:
      - api-usage=590/15000
      Location:
      - "/services/data/<api_version>/sobjects/CustomObject__c/a001a000001ZoCTAA0"
      Content-Type:
      - application/json;charset=UTF-8
      Transfer-Encoding:
      - chunked
    body:
      encoding: ASCII-8BIT
      string: '{"id":"a001a000001ZoCTAA0","success":true,"errors":[]}'
    http_version:
  recorded_at: Fri, 15 May 2015 01:18:25 GMT
- request:
    method: get
    uri: https://<host>/services/data/<api_version>/query?q=select%20Id,%20SystemModstamp,%20Name,%20Example_Field__c%20from%20CustomObject__c%20where%20Id%20=%20%27a001a000001ZoCTAA0%27
    body:
      encoding: US-ASCII
      string: ''
    headers:
      User-Agent:
      - Faraday v0.9.1
      Authorization:
      - OAuth 00D1a000000H3O9!AQ4AQOOuLg_qT_KH0d7e0MZl9eLqLOVkelXCvogl6uoC11zAr2MxSfN.Kp.FGeGl6RwwgcLORuGYbL2Rk2tznb5e22BOVEcb
      Accept-Encoding:
      - gzip;q=1.0,deflate;q=0.6,identity;q=0.3
      Accept:
      - "*/*"
  response:
    status:
      code: 200
      message: OK
    headers:
      Date:
      - Fri, 15 May 2015 01:18:26 GMT
      Set-Cookie:
      - BrowserId=UoZgSeuFSmu8cr4-wpo_iw;Path=/;Domain=.salesforce.com;Expires=Tue,
        14-Jul-2015 01:18:26 GMT
      Expires:
      - Thu, 01 Jan 1970 00:00:00 GMT
      Sforce-Limit-Info:
      - api-usage=587/15000
      Content-Type:
      - application/json;charset=UTF-8
      Transfer-Encoding:
      - chunked
    body:
      encoding: ASCII-8BIT
      string: '{"totalSize":1,"done":true,"records":[{"attributes":{"type":"CustomObject__c","url":"/services/data/<api_version>/sobjects/CustomObject__c/a001a000001ZoCTAA0"},"Id":"a001a000001ZoCTAA0","SystemModstamp":"2015-05-15T01:18:25.000+0000","Name":"Custom
        object","Example_Field__c":"Some sample text"}]}'
    http_version:
  recorded_at: Fri, 15 May 2015 01:18:26 GMT
- request:
    method: get
    uri: https://<host>/services/data/<api_version>/sobjects/CustomObject__c/describe
    body:
      encoding: US-ASCII
      string: ''
    headers:
      User-Agent:
      - Faraday v0.9.1
      Authorization:
      - OAuth 00D1a000000H3O9!AQ4AQOOuLg_qT_KH0d7e0MZl9eLqLOVkelXCvogl6uoC11zAr2MxSfN.Kp.FGeGl6RwwgcLORuGYbL2Rk2tznb5e22BOVEcb
      Accept-Encoding:
      - gzip;q=1.0,deflate;q=0.6,identity;q=0.3
      Accept:
      - "*/*"
  response:
    status:
      code: 200
      message: OK
    headers:
      Date:
      - Fri, 15 May 2015 01:18:27 GMT
      Set-Cookie:
      - BrowserId=c9AkwNH6STubgb6B8OZILQ;Path=/;Domain=.salesforce.com;Expires=Tue,
        14-Jul-2015 01:18:27 GMT
      Expires:
      - Thu, 01 Jan 1970 00:00:00 GMT
      Sforce-Limit-Info:
      - api-usage=587/15000
      Org.eclipse.jetty.server.include.etag:
      - 7057c783
      Last-Modified:
      - Wed, 01 Apr 2015 17:47:03 GMT
      Content-Type:
      - application/json;charset=UTF-8
      Etag:
      - 7057c78-gzip"
      Transfer-Encoding:
      - chunked
    body:
      encoding: ASCII-8BIT
      string: '{"activateable":false,"childRelationships":[{"cascadeDelete":true,"childSObject":"Attachment","deprecatedAndHidden":false,"field":"ParentId","relationshipName":"Attachments","restrictedDelete":false},{"cascadeDelete":true,"childSObject":"ContentDocumentLink","deprecatedAndHidden":false,"field":"LinkedEntityId","relationshipName":null,"restrictedDelete":false},{"cascadeDelete":false,"childSObject":"ContentVersion","deprecatedAndHidden":false,"field":"FirstPublishLocationId","relationshipName":null,"restrictedDelete":false},{"cascadeDelete":true,"childSObject":"CustomObjectDetail__c","deprecatedAndHidden":false,"field":"CustomObject__c","relationshipName":"CustomObjectDetails__r","restrictedDelete":false},{"cascadeDelete":true,"childSObject":"EntitySubscription","deprecatedAndHidden":false,"field":"ParentId","relationshipName":"FeedSubscriptionsForEntity","restrictedDelete":false},{"cascadeDelete":false,"childSObject":"FeedComment","deprecatedAndHidden":false,"field":"ParentId","relationshipName":null,"restrictedDelete":false},{"cascadeDelete":true,"childSObject":"FeedItem","deprecatedAndHidden":false,"field":"ParentId","relationshipName":null,"restrictedDelete":false},{"cascadeDelete":true,"childSObject":"NewsFeed","deprecatedAndHidden":false,"field":"ParentId","relationshipName":null,"restrictedDelete":false},{"cascadeDelete":true,"childSObject":"Note","deprecatedAndHidden":false,"field":"ParentId","relationshipName":"Notes","restrictedDelete":false},{"cascadeDelete":true,"childSObject":"NoteAndAttachment","deprecatedAndHidden":false,"field":"ParentId","relationshipName":"NotesAndAttachments","restrictedDelete":false},{"cascadeDelete":true,"childSObject":"ProcessInstance","deprecatedAndHidden":false,"field":"TargetObjectId","relationshipName":"ProcessInstances","restrictedDelete":false},{"cascadeDelete":false,"childSObject":"ProcessInstanceHistory","deprecatedAndHidden":false,"field":"TargetObjectId","relationshipName":"ProcessSteps","restrictedDelete":false},{"cascadeDelete":true,"childSObject":"UserProfileFeed","deprecatedAndHidden":false,"field":"ParentId","relationshipName":null,"restrictedDelete":false}],"createable":true,"custom":true,"customSetting":false,"deletable":true,"deprecatedAndHidden":false,"feedEnabled":false,"fields":[{"autoNumber":false,"byteLength":18,"calculated":false,"calculatedFormula":null,"cascadeDelete":false,"caseSensitive":false,"controllerName":null,"createable":false,"custom":false,"defaultValue":null,"defaultValueFormula":null,"defaultedOnCreate":true,"dependentPicklist":false,"deprecatedAndHidden":false,"digits":0,"displayLocationInDecimal":false,"externalId":false,"filterable":true,"groupable":true,"htmlFormatted":false,"idLookup":true,"inlineHelpText":null,"label":"Record
        ID","length":18,"name":"Id","nameField":false,"namePointing":false,"nillable":false,"permissionable":false,"picklistValues":[],"precision":0,"referenceTo":[],"relationshipName":null,"relationshipOrder":null,"restrictedDelete":false,"restrictedPicklist":false,"scale":0,"soapType":"tns:ID","sortable":true,"type":"id","unique":false,"updateable":false,"writeRequiresMasterRead":false},{"autoNumber":false,"byteLength":18,"calculated":false,"calculatedFormula":null,"cascadeDelete":false,"caseSensitive":false,"controllerName":null,"createable":true,"custom":false,"defaultValue":null,"defaultValueFormula":null,"defaultedOnCreate":true,"dependentPicklist":false,"deprecatedAndHidden":false,"digits":0,"displayLocationInDecimal":false,"externalId":false,"filterable":true,"groupable":true,"htmlFormatted":false,"idLookup":false,"inlineHelpText":null,"label":"Owner
        ID","length":18,"name":"OwnerId","nameField":false,"namePointing":true,"nillable":false,"permissionable":false,"picklistValues":[],"precision":0,"referenceTo":["Group","User"],"relationshipName":"Owner","relationshipOrder":null,"restrictedDelete":false,"restrictedPicklist":false,"scale":0,"soapType":"tns:ID","sortable":true,"type":"reference","unique":false,"updateable":true,"writeRequiresMasterRead":false},{"autoNumber":false,"byteLength":0,"calculated":false,"calculatedFormula":null,"cascadeDelete":false,"caseSensitive":false,"controllerName":null,"createable":false,"custom":false,"defaultValue":null,"defaultValueFormula":null,"defaultedOnCreate":true,"dependentPicklist":false,"deprecatedAndHidden":false,"digits":0,"displayLocationInDecimal":false,"externalId":false,"filterable":true,"groupable":true,"htmlFormatted":false,"idLookup":false,"inlineHelpText":null,"label":"Deleted","length":0,"name":"IsDeleted","nameField":false,"namePointing":false,"nillable":false,"permissionable":false,"picklistValues":[],"precision":0,"referenceTo":[],"relationshipName":null,"relationshipOrder":null,"restrictedDelete":false,"restrictedPicklist":false,"scale":0,"soapType":"xsd:boolean","sortable":true,"type":"boolean","unique":false,"updateable":false,"writeRequiresMasterRead":false},{"autoNumber":false,"byteLength":240,"calculated":false,"calculatedFormula":null,"cascadeDelete":false,"caseSensitive":false,"controllerName":null,"createable":true,"custom":false,"defaultValue":null,"defaultValueFormula":null,"defaultedOnCreate":true,"dependentPicklist":false,"deprecatedAndHidden":false,"digits":0,"displayLocationInDecimal":false,"externalId":false,"filterable":true,"groupable":true,"htmlFormatted":false,"idLookup":true,"inlineHelpText":null,"label":"CustomObject
        Name","length":80,"name":"Name","nameField":true,"namePointing":false,"nillable":true,"permissionable":false,"picklistValues":[],"precision":0,"referenceTo":[],"relationshipName":null,"relationshipOrder":null,"restrictedDelete":false,"restrictedPicklist":false,"scale":0,"soapType":"xsd:string","sortable":true,"type":"string","unique":false,"updateable":true,"writeRequiresMasterRead":false},{"autoNumber":false,"byteLength":0,"calculated":false,"calculatedFormula":null,"cascadeDelete":false,"caseSensitive":false,"controllerName":null,"createable":false,"custom":false,"defaultValue":null,"defaultValueFormula":null,"defaultedOnCreate":true,"dependentPicklist":false,"deprecatedAndHidden":false,"digits":0,"displayLocationInDecimal":false,"externalId":false,"filterable":true,"groupable":false,"htmlFormatted":false,"idLookup":false,"inlineHelpText":null,"label":"Created
        Date","length":0,"name":"CreatedDate","nameField":false,"namePointing":false,"nillable":false,"permissionable":false,"picklistValues":[],"precision":0,"referenceTo":[],"relationshipName":null,"relationshipOrder":null,"restrictedDelete":false,"restrictedPicklist":false,"scale":0,"soapType":"xsd:dateTime","sortable":true,"type":"datetime","unique":false,"updateable":false,"writeRequiresMasterRead":false},{"autoNumber":false,"byteLength":18,"calculated":false,"calculatedFormula":null,"cascadeDelete":false,"caseSensitive":false,"controllerName":null,"createable":false,"custom":false,"defaultValue":null,"defaultValueFormula":null,"defaultedOnCreate":true,"dependentPicklist":false,"deprecatedAndHidden":false,"digits":0,"displayLocationInDecimal":false,"externalId":false,"filterable":true,"groupable":true,"htmlFormatted":false,"idLookup":false,"inlineHelpText":null,"label":"Created
        By ID","length":18,"name":"CreatedById","nameField":false,"namePointing":false,"nillable":false,"permissionable":false,"picklistValues":[],"precision":0,"referenceTo":["User"],"relationshipName":"CreatedBy","relationshipOrder":null,"restrictedDelete":false,"restrictedPicklist":false,"scale":0,"soapType":"tns:ID","sortable":true,"type":"reference","unique":false,"updateable":false,"writeRequiresMasterRead":false},{"autoNumber":false,"byteLength":0,"calculated":false,"calculatedFormula":null,"cascadeDelete":false,"caseSensitive":false,"controllerName":null,"createable":false,"custom":false,"defaultValue":null,"defaultValueFormula":null,"defaultedOnCreate":true,"dependentPicklist":false,"deprecatedAndHidden":false,"digits":0,"displayLocationInDecimal":false,"externalId":false,"filterable":true,"groupable":false,"htmlFormatted":false,"idLookup":false,"inlineHelpText":null,"label":"Last
        Modified Date","length":0,"name":"LastModifiedDate","nameField":false,"namePointing":false,"nillable":false,"permissionable":false,"picklistValues":[],"precision":0,"referenceTo":[],"relationshipName":null,"relationshipOrder":null,"restrictedDelete":false,"restrictedPicklist":false,"scale":0,"soapType":"xsd:dateTime","sortable":true,"type":"datetime","unique":false,"updateable":false,"writeRequiresMasterRead":false},{"autoNumber":false,"byteLength":18,"calculated":false,"calculatedFormula":null,"cascadeDelete":false,"caseSensitive":false,"controllerName":null,"createable":false,"custom":false,"defaultValue":null,"defaultValueFormula":null,"defaultedOnCreate":true,"dependentPicklist":false,"deprecatedAndHidden":false,"digits":0,"displayLocationInDecimal":false,"externalId":false,"filterable":true,"groupable":true,"htmlFormatted":false,"idLookup":false,"inlineHelpText":null,"label":"Last
        Modified By ID","length":18,"name":"LastModifiedById","nameField":false,"namePointing":false,"nillable":false,"permissionable":false,"picklistValues":[],"precision":0,"referenceTo":["User"],"relationshipName":"LastModifiedBy","relationshipOrder":null,"restrictedDelete":false,"restrictedPicklist":false,"scale":0,"soapType":"tns:ID","sortable":true,"type":"reference","unique":false,"updateable":false,"writeRequiresMasterRead":false},{"autoNumber":false,"byteLength":0,"calculated":false,"calculatedFormula":null,"cascadeDelete":false,"caseSensitive":false,"controllerName":null,"createable":false,"custom":false,"defaultValue":null,"defaultValueFormula":null,"defaultedOnCreate":true,"dependentPicklist":false,"deprecatedAndHidden":false,"digits":0,"displayLocationInDecimal":false,"externalId":false,"filterable":true,"groupable":false,"htmlFormatted":false,"idLookup":false,"inlineHelpText":null,"label":"System
        Modstamp","length":0,"name":"SystemModstamp","nameField":false,"namePointing":false,"nillable":false,"permissionable":false,"picklistValues":[],"precision":0,"referenceTo":[],"relationshipName":null,"relationshipOrder":null,"restrictedDelete":false,"restrictedPicklist":false,"scale":0,"soapType":"xsd:dateTime","sortable":true,"type":"datetime","unique":false,"updateable":false,"writeRequiresMasterRead":false},{"autoNumber":false,"byteLength":765,"calculated":false,"calculatedFormula":null,"cascadeDelete":false,"caseSensitive":false,"controllerName":null,"createable":true,"custom":true,"defaultValue":null,"defaultValueFormula":null,"defaultedOnCreate":false,"dependentPicklist":false,"deprecatedAndHidden":false,"digits":0,"displayLocationInDecimal":false,"externalId":false,"filterable":true,"groupable":true,"htmlFormatted":false,"idLookup":false,"inlineHelpText":null,"label":"Example
    http_version:
        Field","length":255,"name":"Example_Field__c","nameField":false,"namePointing":false,"nillable":true,"permissionable":true,"picklistValues":[],"precision":0,"referenceTo":[],"relationshipName":null,"relationshipOrder":null,"restrictedDelete":false,"restrictedPicklist":false,"scale":0,"soapType":"xsd:string","sortable":true,"type":"string","unique":false,"updateable":true,"writeRequiresMasterRead":false},{"autoNumber":false,"byteLength":18,"calculated":false,"calculatedFormula":null,"cascadeDelete":false,"caseSensitive":false,"controllerName":null,"createable":true,"custom":true,"defaultValue":null,"defaultValueFormula":null,"defaultedOnCreate":false,"dependentPicklist":false,"deprecatedAndHidden":false,"digits":0,"displayLocationInDecimal":false,"externalId":false,"filterable":true,"groupable":true,"htmlFormatted":false,"idLookup":false,"inlineHelpText":null,"label":"Friend","length":18,"name":"Friend__c","nameField":false,"namePointing":false,"nillable":true,"permissionable":true,"picklistValues":[],"precision":0,"referenceTo":["Contact"],"relationshipName":"Friend__r","relationshipOrder":null,"restrictedDelete":false,"restrictedPicklist":false,"scale":0,"soapType":"tns:ID","sortable":true,"type":"reference","unique":false,"updateable":true,"writeRequiresMasterRead":false},{"autoNumber":false,"byteLength":0,"calculated":false,"calculatedFormula":null,"cascadeDelete":false,"caseSensitive":false,"controllerName":null,"createable":true,"custom":true,"defaultValue":null,"defaultValueFormula":null,"defaultedOnCreate":true,"dependentPicklist":false,"deprecatedAndHidden":false,"digits":0,"displayLocationInDecimal":false,"externalId":false,"filterable":true,"groupable":true,"htmlFormatted":false,"idLookup":false,"inlineHelpText":null,"label":"Visible","length":0,"name":"Visible__c","nameField":false,"namePointing":false,"nillable":false,"permissionable":true,"picklistValues":[],"precision":0,"referenceTo":[],"relationshipName":null,"relationshipOrder":null,"restrictedDelete":false,"restrictedPicklist":false,"scale":0,"soapType":"xsd:boolean","sortable":true,"type":"boolean","unique":false,"updateable":true,"writeRequiresMasterRead":false}],"keyPrefix":"a00","label":"CustomObject","labelPlural":"CustomObjects","layoutable":true,"listviewable":null,"lookupLayoutable":null,"mergeable":false,"name":"CustomObject__c","queryable":true,"recordTypeInfos":[{"available":true,"defaultRecordTypeMapping":true,"name":"Master","recordTypeId":"012000000000000AAA"}],"replicateable":true,"retrieveable":true,"searchLayoutable":null,"searchable":true,"triggerable":true,"undeletable":true,"updateable":true,"urls":{"uiEditTemplate":"https://<host>/{ID}/e","sobject":"/services/data/<api_version>/sobjects/CustomObject__c","uiDetailTemplate":"https://<host>/{ID}","describe":"/services/data/<api_version>/sobjects/CustomObject__c/describe","rowTemplate":"/services/data/<api_version>/sobjects/CustomObject__c/{ID}","uiNewRecord":"https://<host>/a00/e"}}'
  recorded_at: Fri, 15 May 2015 01:18:27 GMT
- request:
    method: patch
    uri: https://<host>/services/data/<api_version>/sobjects/CustomObject__c/a001a000001ZoCTAA0
    body:
      encoding: UTF-8
      string: '{"Name":"Some new name","Example_Field__c":"New sample text"}'
    headers:
      User-Agent:
      - Faraday v0.9.1
      Content-Type:
      - application/json
      Authorization:
      - OAuth 00D1a000000H3O9!AQ4AQOOuLg_qT_KH0d7e0MZl9eLqLOVkelXCvogl6uoC11zAr2MxSfN.Kp.FGeGl6RwwgcLORuGYbL2Rk2tznb5e22BOVEcb
      Accept-Encoding:
      - gzip;q=1.0,deflate;q=0.6,identity;q=0.3
      Accept:
      - "*/*"
  response:
    status:
      code: 204
      message: No Content
    headers:
      Date:
      - Fri, 15 May 2015 01:18:29 GMT
      Set-Cookie:
      - BrowserId=R3u76k9wSBGp4-fUj63zig;Path=/;Domain=.salesforce.com;Expires=Tue,
        14-Jul-2015 01:18:29 GMT
      Expires:
      - Thu, 01 Jan 1970 00:00:00 GMT
      Sforce-Limit-Info:
      - api-usage=588/15000
    body:
      encoding: UTF-8
      string: ''
    http_version:
  recorded_at: Fri, 15 May 2015 01:18:29 GMT
- request:
    method: get
    uri: https://<host>/services/data/<api_version>/query?q=select%20Id,%20SystemModstamp,%20Name,%20Example_Field__c%20from%20CustomObject__c%20where%20Id%20=%20%27a001a000001ZoCTAA0%27
    body:
      encoding: US-ASCII
      string: ''
    headers:
      User-Agent:
      - Faraday v0.9.1
      Authorization:
      - OAuth 00D1a000000H3O9!AQ4AQOOuLg_qT_KH0d7e0MZl9eLqLOVkelXCvogl6uoC11zAr2MxSfN.Kp.FGeGl6RwwgcLORuGYbL2Rk2tznb5e22BOVEcb
      Accept-Encoding:
      - gzip;q=1.0,deflate;q=0.6,identity;q=0.3
      Accept:
      - "*/*"
  response:
    status:
      code: 200
      message: OK
    headers:
      Date:
      - Fri, 15 May 2015 01:18:30 GMT
      Set-Cookie:
      - BrowserId=s_oRgwrPSia56IwXQo01xQ;Path=/;Domain=.salesforce.com;Expires=Tue,
        14-Jul-2015 01:18:30 GMT
      Expires:
      - Thu, 01 Jan 1970 00:00:00 GMT
      Sforce-Limit-Info:
      - api-usage=591/15000
      Content-Type:
      - application/json;charset=UTF-8
      Transfer-Encoding:
      - chunked
    body:
      encoding: ASCII-8BIT
      string: '{"totalSize":1,"done":true,"records":[{"attributes":{"type":"CustomObject__c","url":"/services/data/<api_version>/sobjects/CustomObject__c/a001a000001ZoCTAA0"},"Id":"a001a000001ZoCTAA0","SystemModstamp":"2015-05-15T01:18:29.000+0000","Name":"Some
        new name","Example_Field__c":"New sample text"}]}'
    http_version:
  recorded_at: Fri, 15 May 2015 01:18:30 GMT
- request:
    method: delete
    uri: https://<host>/services/data/<api_version>/sobjects/CustomObject__c/a001a000001ZoCTAA0
    body:
      encoding: US-ASCII
      string: ''
    headers:
      User-Agent:
      - Faraday v0.9.1
      Authorization:
      - OAuth 00D1a000000H3O9!AQ4AQOOuLg_qT_KH0d7e0MZl9eLqLOVkelXCvogl6uoC11zAr2MxSfN.Kp.FGeGl6RwwgcLORuGYbL2Rk2tznb5e22BOVEcb
      Accept-Encoding:
      - gzip;q=1.0,deflate;q=0.6,identity;q=0.3
      Accept:
      - "*/*"
  response:
    status:
      code: 204
      message: No Content
    headers:
      Date:
      - Fri, 15 May 2015 01:18:32 GMT
      Set-Cookie:
      - BrowserId=rjBi2DCoSqSoM2K09UCWag;Path=/;Domain=.salesforce.com;Expires=Tue,
        14-Jul-2015 01:18:32 GMT
      Expires:
      - Thu, 01 Jan 1970 00:00:00 GMT
      Sforce-Limit-Info:
      - api-usage=598/15000
    body:
      encoding: UTF-8
      string: ''
    http_version:
  recorded_at: Fri, 15 May 2015 01:18:32 GMT
recorded_with: VCR 2.9.3
