---
http_interactions:
- request:
    method: post
    uri: https://<host>/services/oauth2/token
    body:
      encoding: US-ASCII
      string: grant_type=password&client_id=<client_id>&client_secret=<client_secret>&username=<username>&password=<password><security_token>
    headers:
      User-Agent:
      - Faraday v0.9.1
      Content-Type:
      - application/x-www-form-urlencoded
      Accept-Encoding:
      - gzip;q=1.0,deflate;q=0.6,identity;q=0.3
      Accept:
      - "*/*"
  response:
    status:
      code: 200
      message: OK
    headers:
      Date:
      - Mon, 08 Jun 2015 22:12:19 GMT
      Set-Cookie:
      - BrowserId=bfcKIwigRaCCAUYsRqbrJA;Path=/;Domain=.salesforce.com;Expires=Fri,
        07-Aug-2015 22:12:19 GMT
      Expires:
      - Thu, 01 Jan 1970 00:00:00 GMT
      Pragma:
      - no-cache
      Cache-Control:
      - no-cache, no-store
      Content-Type:
      - application/json;charset=UTF-8
      Transfer-Encoding:
      - chunked
    body:
      encoding: ASCII-8BIT
      string: '{"id":"https://login.salesforce.com/id/00D1a000000H3O9EAK/0051a000000UGT8AAO","issued_at":"1433801539774","token_type":"Bearer","instance_url":"https://<host>","signature":"zuuyrTiCjqR3OlEVII57V+9sykZ8S2+APFACft4wui0=","access_token":"00D1a000000H3O9!AQ4AQH0rZGqBVji7vO4sB8J1_YW.g5S2vIbe9IaUgwHpwLPEdpfIcj9Ngpc2CndFvJZMwVIIp15.yQQOil19Qc2MuedbnlQz"}'
    http_version: 
  recorded_at: Mon, 08 Jun 2015 22:12:21 GMT
- request:
    method: post
    uri: https://<host>/services/data/<api_version>/sobjects/CustomObject__c
    body:
      encoding: UTF-8
      string: '{"Name":"Custom object","Example_Field__c":"Some sample text"}'
    headers:
      User-Agent:
      - Faraday v0.9.1
      Content-Type:
      - application/json
      Authorization:
      - OAuth 00D1a000000H3O9!AQ4AQH0rZGqBVji7vO4sB8J1_YW.g5S2vIbe9IaUgwHpwLPEdpfIcj9Ngpc2CndFvJZMwVIIp15.yQQOil19Qc2MuedbnlQz
      Accept-Encoding:
      - gzip;q=1.0,deflate;q=0.6,identity;q=0.3
      Accept:
      - "*/*"
  response:
    status:
      code: 201
      message: Created
    headers:
      Date:
      - Mon, 08 Jun 2015 22:12:19 GMT
      Set-Cookie:
      - BrowserId=6Wf1sZNMQxO8NW99U3oF3A;Path=/;Domain=.salesforce.com;Expires=Fri,
        07-Aug-2015 22:12:19 GMT
      Expires:
      - Thu, 01 Jan 1970 00:00:00 GMT
      Sforce-Limit-Info:
      - api-usage=6/15000
      Location:
      - "/services/data/<api_version>/sobjects/CustomObject__c/a001a000001cF4WAAU"
      Content-Type:
      - application/json;charset=UTF-8
      Transfer-Encoding:
      - chunked
    body:
      encoding: ASCII-8BIT
      string: '{"id":"a001a000001cF4WAAU","success":true,"errors":[]}'
    http_version: 
  recorded_at: Mon, 08 Jun 2015 22:12:21 GMT
- request:
    method: get
    uri: https://<host>/services/data/<api_version>/query?q=select%20Id,%20SystemModstamp,%20LastModifiedById,%20Name,%20Example_Field__c%20from%20CustomObject__c%20where%20Id%20=%20%27a001a000001cF4WAAU%27
    body:
      encoding: US-ASCII
      string: ''
    headers:
      User-Agent:
      - Faraday v0.9.1
      Authorization:
      - OAuth 00D1a000000H3O9!AQ4AQH0rZGqBVji7vO4sB8J1_YW.g5S2vIbe9IaUgwHpwLPEdpfIcj9Ngpc2CndFvJZMwVIIp15.yQQOil19Qc2MuedbnlQz
      Accept-Encoding:
      - gzip;q=1.0,deflate;q=0.6,identity;q=0.3
      Accept:
      - "*/*"
  response:
    status:
      code: 200
      message: OK
    headers:
      Date:
      - Mon, 08 Jun 2015 22:12:20 GMT
      Set-Cookie:
      - BrowserId=ZUuh75WBTc2uJK9qLmI_Jw;Path=/;Domain=.salesforce.com;Expires=Fri,
        07-Aug-2015 22:12:20 GMT
      Expires:
      - Thu, 01 Jan 1970 00:00:00 GMT
      Sforce-Limit-Info:
      - api-usage=8/15000
      Content-Type:
      - application/json;charset=UTF-8
      Transfer-Encoding:
      - chunked
    body:
      encoding: ASCII-8BIT
      string: '{"totalSize":1,"done":true,"records":[{"attributes":{"type":"CustomObject__c","url":"/services/data/<api_version>/sobjects/CustomObject__c/a001a000001cF4WAAU"},"Id":"a001a000001cF4WAAU","SystemModstamp":"2015-06-08T22:12:19.000+0000","LastModifiedById":"0051a000000UGT8AAO","Name":"Custom
        object","Example_Field__c":"Some sample text"}]}'
    http_version: 
  recorded_at: Mon, 08 Jun 2015 22:12:21 GMT
- request:
    method: get
    uri: https://<host>/services/data/<api_version>/query?q=select%20Id,%20SystemModstamp,%20LastModifiedById,%20Name,%20Example_Field__c%20from%20CustomObject__c%20where%20Id%20=%20%27a001a000001cF4WAAU%27
    body:
      encoding: US-ASCII
      string: ''
    headers:
      User-Agent:
      - Faraday v0.9.1
      Authorization:
      - OAuth 00D1a000000H3O9!AQ4AQH0rZGqBVji7vO4sB8J1_YW.g5S2vIbe9IaUgwHpwLPEdpfIcj9Ngpc2CndFvJZMwVIIp15.yQQOil19Qc2MuedbnlQz
      Accept-Encoding:
      - gzip;q=1.0,deflate;q=0.6,identity;q=0.3
      Accept:
      - "*/*"
  response:
    status:
      code: 200
      message: OK
    headers:
      Date:
      - Mon, 08 Jun 2015 22:12:20 GMT
      Set-Cookie:
      - BrowserId=vCkQaDr4SOG6fPNGhW82Ew;Path=/;Domain=.salesforce.com;Expires=Fri,
        07-Aug-2015 22:12:20 GMT
      Expires:
      - Thu, 01 Jan 1970 00:00:00 GMT
      Sforce-Limit-Info:
      - api-usage=6/15000
      Content-Type:
      - application/json;charset=UTF-8
      Transfer-Encoding:
      - chunked
    body:
      encoding: ASCII-8BIT
      string: '{"totalSize":1,"done":true,"records":[{"attributes":{"type":"CustomObject__c","url":"/services/data/<api_version>/sobjects/CustomObject__c/a001a000001cF4WAAU"},"Id":"a001a000001cF4WAAU","SystemModstamp":"2015-06-08T22:12:19.000+0000","LastModifiedById":"0051a000000UGT8AAO","Name":"Custom
        object","Example_Field__c":"Some sample text"}]}'
    http_version: 
  recorded_at: Mon, 08 Jun 2015 22:12:21 GMT
- request:
    method: delete
    uri: https://<host>/services/data/<api_version>/sobjects/CustomObject__c/a001a000001cF4WAAU
    body:
      encoding: US-ASCII
      string: ''
    headers:
      User-Agent:
      - Faraday v0.9.1
      Authorization:
      - OAuth 00D1a000000H3O9!AQ4AQH0rZGqBVji7vO4sB8J1_YW.g5S2vIbe9IaUgwHpwLPEdpfIcj9Ngpc2CndFvJZMwVIIp15.yQQOil19Qc2MuedbnlQz
      Accept-Encoding:
      - gzip;q=1.0,deflate;q=0.6,identity;q=0.3
      Accept:
      - "*/*"
  response:
    status:
      code: 204
      message: No Content
    headers:
      Date:
      - Mon, 08 Jun 2015 22:12:20 GMT
      Set-Cookie:
      - BrowserId=mRxeH9KIQomK7xd4NS4Zjg;Path=/;Domain=.salesforce.com;Expires=Fri,
        07-Aug-2015 22:12:20 GMT
      Expires:
      - Thu, 01 Jan 1970 00:00:00 GMT
      Sforce-Limit-Info:
      - api-usage=7/15000
    body:
      encoding: UTF-8
      string: ''
    http_version: 
  recorded_at: Mon, 08 Jun 2015 22:12:22 GMT
recorded_with: VCR 2.9.3
