---
http_interactions:
- request:
    method: post
    uri: https://<host>/services/oauth2/token
    body:
      encoding: US-ASCII
      string: grant_type=password&client_id=<client_id>&client_secret=<client_secret>&username=<username>&password=<password><security_token>
    headers:
      User-Agent:
      - Faraday v0.9.1
      Content-Type:
      - application/x-www-form-urlencoded
      Accept-Encoding:
      - gzip;q=1.0,deflate;q=0.6,identity;q=0.3
      Accept:
      - "*/*"
  response:
    status:
      code: 200
      message: OK
    headers:
      Date:
      - Thu, 23 Apr 2015 03:13:37 GMT
      Set-Cookie:
      - BrowserId=pJidk7gYQ3GCVEMb1Z-p0g;Path=/;Domain=.salesforce.com;Expires=Mon,
        22-Jun-2015 03:13:37 GMT
      Expires:
      - Thu, 01 Jan 1970 00:00:00 GMT
      Pragma:
      - no-cache
      Cache-Control:
      - no-cache, no-store
      Content-Type:
      - application/json;charset=UTF-8
      Transfer-Encoding:
      - chunked
    body:
      encoding: ASCII-8BIT
      string: '{"id":"https://login.salesforce.com/id/00D1a000000H3O9EAK/0051a000000UGT8AAO","issued_at":"1429758817565","token_type":"Bearer","instance_url":"https://<host>","signature":"ETRbdU1qbtTF4bZuRhnk3OFfLRmxZRMXihMo3PgUaCc=","access_token":"00D1a000000H3O9!AQ4AQI3jppS_aXZi3eoU3Ztk8o91RYAqZvR2D51oCqu62M0uC1FFl0QlLq8SSc7KMviWaMD3qj3R.OxDi5v6FJ24v5LjiUBH"}'
    http_version:
  recorded_at: Thu, 23 Apr 2015 03:13:37 GMT
- request:
    method: post
    uri: https://<host>/services/data/<api_version>/sobjects/Contact
    body:
      encoding: UTF-8
      string: '{"Email":"somebody@example.com","LastName":"Somebody"}'
    headers:
      User-Agent:
      - Faraday v0.9.1
      Content-Type:
      - application/json
      Authorization:
      - OAuth 00D1a000000H3O9!AQ4AQI3jppS_aXZi3eoU3Ztk8o91RYAqZvR2D51oCqu62M0uC1FFl0QlLq8SSc7KMviWaMD3qj3R.OxDi5v6FJ24v5LjiUBH
      Accept-Encoding:
      - gzip;q=1.0,deflate;q=0.6,identity;q=0.3
      Accept:
      - "*/*"
  response:
    status:
      code: 201
      message: Created
    headers:
      Date:
      - Thu, 23 Apr 2015 03:13:38 GMT
      Set-Cookie:
      - BrowserId=5Nut_wCxQuKIC63Zx74A7A;Path=/;Domain=.salesforce.com;Expires=Mon,
        22-Jun-2015 03:13:38 GMT
      Expires:
      - Thu, 01 Jan 1970 00:00:00 GMT
      Sforce-Limit-Info:
      - api-usage=1/15000
      Location:
      - "/services/data/<api_version>/sobjects/Contact/0031a000002eu2wAAA"
      Content-Type:
      - application/json;charset=UTF-8
      Transfer-Encoding:
      - chunked
    body:
      encoding: ASCII-8BIT
      string: '{"id":"0031a000002eu2wAAA","success":true,"errors":[]}'
    http_version:
  recorded_at: Thu, 23 Apr 2015 03:13:39 GMT
- request:
    method: post
    uri: https://<host>/services/data/<api_version>/sobjects/CustomObject__c
    body:
      encoding: UTF-8
      string: '{"Friend__c":"0031a000002eu2wAAA"}'
    headers:
      User-Agent:
      - Faraday v0.9.1
      Content-Type:
      - application/json
      Authorization:
      - OAuth 00D1a000000H3O9!AQ4AQI3jppS_aXZi3eoU3Ztk8o91RYAqZvR2D51oCqu62M0uC1FFl0QlLq8SSc7KMviWaMD3qj3R.OxDi5v6FJ24v5LjiUBH
      Accept-Encoding:
      - gzip;q=1.0,deflate;q=0.6,identity;q=0.3
      Accept:
      - "*/*"
  response:
    status:
      code: 201
      message: Created
    headers:
      Date:
      - Thu, 23 Apr 2015 03:13:40 GMT
      Set-Cookie:
      - BrowserId=GQLMiMKEQ42kgZCYY5_Guw;Path=/;Domain=.salesforce.com;Expires=Mon,
        22-Jun-2015 03:13:40 GMT
      Expires:
      - Thu, 01 Jan 1970 00:00:00 GMT
      Sforce-Limit-Info:
      - api-usage=1/15000
      Location:
      - "/services/data/<api_version>/sobjects/CustomObject__c/a001a000001QkMJAA0"
      Content-Type:
      - application/json;charset=UTF-8
      Transfer-Encoding:
      - chunked
    body:
      encoding: ASCII-8BIT
      string: '{"id":"a001a000001QkMJAA0","success":true,"errors":[]}'
    http_version:
  recorded_at: Thu, 23 Apr 2015 03:13:40 GMT
- request:
    method: get
    uri: https://<host>/services/data/<api_version>/query?q=select%20Id,%20SystemModstamp,%20Name,%20Example_Field__c,%20Friend__c%20from%20CustomObject__c%20where%20Id%20=%20%27a001a000001QkMJAA0%27
    body:
      encoding: US-ASCII
      string: ''
    headers:
      User-Agent:
      - Faraday v0.9.1
      Authorization:
      - OAuth 00D1a000000H3O9!AQ4AQI3jppS_aXZi3eoU3Ztk8o91RYAqZvR2D51oCqu62M0uC1FFl0QlLq8SSc7KMviWaMD3qj3R.OxDi5v6FJ24v5LjiUBH
      Accept-Encoding:
      - gzip;q=1.0,deflate;q=0.6,identity;q=0.3
      Accept:
      - "*/*"
  response:
    status:
      code: 200
      message: OK
    headers:
      Date:
      - Thu, 23 Apr 2015 03:13:41 GMT
      Set-Cookie:
      - BrowserId=XUQn0DWrTke9Ylns2VGOoQ;Path=/;Domain=.salesforce.com;Expires=Mon,
        22-Jun-2015 03:13:41 GMT
      Expires:
      - Thu, 01 Jan 1970 00:00:00 GMT
      Sforce-Limit-Info:
      - api-usage=1/15000
      Content-Type:
      - application/json;charset=UTF-8
      Transfer-Encoding:
      - chunked
    body:
      encoding: ASCII-8BIT
      string: '{"totalSize":1,"done":true,"records":[{"attributes":{"type":"CustomObject__c","url":"/services/data/<api_version>/sobjects/CustomObject__c/a001a000001QkMJAA0"},"Id":"a001a000001QkMJAA0","SystemModstamp":"2015-04-23T03:13:40.000+0000","Name":"a001a000001QkMJ","Example_Field__c":null,"Friend__c":"0031a000002eu2wAAA"}]}'
    http_version:
  recorded_at: Thu, 23 Apr 2015 03:13:41 GMT
- request:
    method: get
    uri: https://<host>/services/data/<api_version>/query?q=select%20Id,%20SystemModstamp,%20Email%20from%20Contact%20where%20Id%20=%20%270031a000002eu2wAAA%27
    body:
      encoding: US-ASCII
      string: ''
    headers:
      User-Agent:
      - Faraday v0.9.1
      Authorization:
      - OAuth 00D1a000000H3O9!AQ4AQI3jppS_aXZi3eoU3Ztk8o91RYAqZvR2D51oCqu62M0uC1FFl0QlLq8SSc7KMviWaMD3qj3R.OxDi5v6FJ24v5LjiUBH
      Accept-Encoding:
      - gzip;q=1.0,deflate;q=0.6,identity;q=0.3
      Accept:
      - "*/*"
  response:
    status:
      code: 200
      message: OK
    headers:
      Date:
      - Thu, 23 Apr 2015 03:13:42 GMT
      Set-Cookie:
      - BrowserId=3Vfxi4vKSCqE0GyreWo3XA;Path=/;Domain=.salesforce.com;Expires=Mon,
        22-Jun-2015 03:13:42 GMT
      Expires:
      - Thu, 01 Jan 1970 00:00:00 GMT
      Sforce-Limit-Info:
      - api-usage=1/15000
      Content-Type:
      - application/json;charset=UTF-8
      Transfer-Encoding:
      - chunked
    body:
      encoding: ASCII-8BIT
      string: '{"totalSize":1,"done":true,"records":[{"attributes":{"type":"Contact","url":"/services/data/<api_version>/sobjects/Contact/0031a000002eu2wAAA"},"Id":"0031a000002eu2wAAA","SystemModstamp":"2015-04-23T03:13:38.000+0000","Email":"somebody@example.com"}]}'
    http_version:
  recorded_at: Thu, 23 Apr 2015 03:13:42 GMT
- request:
    method: delete
    uri: https://<host>/services/data/<api_version>/sobjects/Contact/0031a000002eu2wAAA
    body:
      encoding: US-ASCII
      string: ''
    headers:
      User-Agent:
      - Faraday v0.9.1
      Authorization:
      - OAuth 00D1a000000H3O9!AQ4AQI3jppS_aXZi3eoU3Ztk8o91RYAqZvR2D51oCqu62M0uC1FFl0QlLq8SSc7KMviWaMD3qj3R.OxDi5v6FJ24v5LjiUBH
      Accept-Encoding:
      - gzip;q=1.0,deflate;q=0.6,identity;q=0.3
      Accept:
      - "*/*"
  response:
    status:
      code: 204
      message: No Content
    headers:
      Date:
      - Thu, 23 Apr 2015 03:13:43 GMT
      Set-Cookie:
      - BrowserId=8tDMUoSmSIqzGT4fCP8feg;Path=/;Domain=.salesforce.com;Expires=Mon,
        22-Jun-2015 03:13:43 GMT
      Expires:
      - Thu, 01 Jan 1970 00:00:00 GMT
      Sforce-Limit-Info:
      - api-usage=1/15000
    body:
      encoding: UTF-8
      string: ''
    http_version:
  recorded_at: Thu, 23 Apr 2015 03:13:43 GMT
- request:
    method: delete
    uri: https://<host>/services/data/<api_version>/sobjects/CustomObject__c/a001a000001QkMJAA0
    body:
      encoding: US-ASCII
      string: ''
    headers:
      User-Agent:
      - Faraday v0.9.1
      Authorization:
      - OAuth 00D1a000000H3O9!AQ4AQI3jppS_aXZi3eoU3Ztk8o91RYAqZvR2D51oCqu62M0uC1FFl0QlLq8SSc7KMviWaMD3qj3R.OxDi5v6FJ24v5LjiUBH
      Accept-Encoding:
      - gzip;q=1.0,deflate;q=0.6,identity;q=0.3
      Accept:
      - "*/*"
  response:
    status:
      code: 204
      message: No Content
    headers:
      Date:
      - Thu, 23 Apr 2015 03:13:44 GMT
      Set-Cookie:
      - BrowserId=ONVEXduoQtKJxklXKfwf9A;Path=/;Domain=.salesforce.com;Expires=Mon,
        22-Jun-2015 03:13:44 GMT
      Expires:
      - Thu, 01 Jan 1970 00:00:00 GMT
      Sforce-Limit-Info:
      - api-usage=2/15000
    body:
      encoding: UTF-8
      string: ''
    http_version:
  recorded_at: Thu, 23 Apr 2015 03:13:44 GMT
recorded_with: VCR 2.9.3
