---
http_interactions:
- request:
    method: post
    uri: https://<host>/services/oauth2/token
    body:
      encoding: US-ASCII
      string: grant_type=password&client_id=<client_id>&client_secret=<client_secret>&username=<username>&password=<password><security_token>
    headers:
      User-Agent:
      - Faraday v0.9.1
      Content-Type:
      - application/x-www-form-urlencoded
      Accept-Encoding:
      - gzip;q=1.0,deflate;q=0.6,identity;q=0.3
      Accept:
      - "*/*"
  response:
    status:
      code: 200
      message: OK
    headers:
      Date:
      - Mon, 08 Jun 2015 22:12:59 GMT
      Set-Cookie:
      - BrowserId=YcEwcmv6TqOZjcBKGxJaxw;Path=/;Domain=.salesforce.com;Expires=Fri,
        07-Aug-2015 22:12:59 GMT
      Expires:
      - Thu, 01 Jan 1970 00:00:00 GMT
      Pragma:
      - no-cache
      Cache-Control:
      - no-cache, no-store
      Content-Type:
      - application/json;charset=UTF-8
      Transfer-Encoding:
      - chunked
    body:
      encoding: ASCII-8BIT
      string: '{"id":"https://login.salesforce.com/id/00D1a000000H3O9EAK/0051a000000UGT8AAO","issued_at":"1433801579759","token_type":"Bearer","instance_url":"https://<host>","signature":"wmD98NNT4Fw0/HJ76xc65kukRKFk3VoK6qwToCECTXU=","access_token":"00D1a000000H3O9!AQ4AQH0rZGqBVji7vO4sB8J1_YW.g5S2vIbe9IaUgwHpwLPEdpfIcj9Ngpc2CndFvJZMwVIIp15.yQQOil19Qc2MuedbnlQz"}'
    http_version: 
  recorded_at: Mon, 08 Jun 2015 22:13:01 GMT
- request:
    method: post
    uri: https://<host>/services/data/<api_version>/sobjects/CustomObject__c
    body:
      encoding: UTF-8
      string: '{"Name":"Sample object"}'
    headers:
      User-Agent:
      - Faraday v0.9.1
      Content-Type:
      - application/json
      Authorization:
      - OAuth 00D1a000000H3O9!AQ4AQH0rZGqBVji7vO4sB8J1_YW.g5S2vIbe9IaUgwHpwLPEdpfIcj9Ngpc2CndFvJZMwVIIp15.yQQOil19Qc2MuedbnlQz
      Accept-Encoding:
      - gzip;q=1.0,deflate;q=0.6,identity;q=0.3
      Accept:
      - "*/*"
  response:
    status:
      code: 201
      message: Created
    headers:
      Date:
      - Mon, 08 Jun 2015 22:12:59 GMT
      Set-Cookie:
      - BrowserId=w-2DEtEQSHyfoSAljNDZwA;Path=/;Domain=.salesforce.com;Expires=Fri,
        07-Aug-2015 22:12:59 GMT
      Expires:
      - Thu, 01 Jan 1970 00:00:00 GMT
      Sforce-Limit-Info:
      - api-usage=49/15000
      Location:
      - "/services/data/<api_version>/sobjects/CustomObject__c/a001a000001cF6XAAU"
      Content-Type:
      - application/json;charset=UTF-8
      Transfer-Encoding:
      - chunked
    body:
      encoding: ASCII-8BIT
      string: '{"id":"a001a000001cF6XAAU","success":true,"errors":[]}'
    http_version: 
  recorded_at: Mon, 08 Jun 2015 22:13:01 GMT
- request:
    method: get
    uri: https://<host>/services/data/<api_version>/query?q=select%20Id,%20SystemModstamp,%20LastModifiedById,%20Name,%20Example_Field__c%20from%20CustomObject__c%20where%20Id%20=%20%27a001a000001cF6XAAU%27
    body:
      encoding: US-ASCII
      string: ''
    headers:
      User-Agent:
      - Faraday v0.9.1
      Authorization:
      - OAuth 00D1a000000H3O9!AQ4AQH0rZGqBVji7vO4sB8J1_YW.g5S2vIbe9IaUgwHpwLPEdpfIcj9Ngpc2CndFvJZMwVIIp15.yQQOil19Qc2MuedbnlQz
      Accept-Encoding:
      - gzip;q=1.0,deflate;q=0.6,identity;q=0.3
      Accept:
      - "*/*"
  response:
    status:
      code: 200
      message: OK
    headers:
      Date:
      - Mon, 08 Jun 2015 22:13:00 GMT
      Set-Cookie:
      - BrowserId=gd2Wq1t4R5GnvWBUFAc73w;Path=/;Domain=.salesforce.com;Expires=Fri,
        07-Aug-2015 22:13:00 GMT
      Expires:
      - Thu, 01 Jan 1970 00:00:00 GMT
      Sforce-Limit-Info:
      - api-usage=50/15000
      Content-Type:
      - application/json;charset=UTF-8
      Transfer-Encoding:
      - chunked
    body:
      encoding: ASCII-8BIT
      string: '{"totalSize":1,"done":true,"records":[{"attributes":{"type":"CustomObject__c","url":"/services/data/<api_version>/sobjects/CustomObject__c/a001a000001cF6XAAU"},"Id":"a001a000001cF6XAAU","SystemModstamp":"2015-06-08T22:12:59.000+0000","LastModifiedById":"0051a000000UGT8AAO","Name":"Sample
        object","Example_Field__c":null}]}'
    http_version: 
  recorded_at: Mon, 08 Jun 2015 22:13:01 GMT
- request:
    method: delete
    uri: https://<host>/services/data/<api_version>/sobjects/CustomObject__c/a001a000001cF6XAAU
    body:
      encoding: US-ASCII
      string: ''
    headers:
      User-Agent:
      - Faraday v0.9.1
      Authorization:
      - OAuth 00D1a000000H3O9!AQ4AQH0rZGqBVji7vO4sB8J1_YW.g5S2vIbe9IaUgwHpwLPEdpfIcj9Ngpc2CndFvJZMwVIIp15.yQQOil19Qc2MuedbnlQz
      Accept-Encoding:
      - gzip;q=1.0,deflate;q=0.6,identity;q=0.3
      Accept:
      - "*/*"
  response:
    status:
      code: 204
      message: No Content
    headers:
      Date:
      - Mon, 08 Jun 2015 22:13:00 GMT
      Set-Cookie:
      - BrowserId=WcrjG8I0RLOTstjj7eQjIg;Path=/;Domain=.salesforce.com;Expires=Fri,
        07-Aug-2015 22:13:00 GMT
      Expires:
      - Thu, 01 Jan 1970 00:00:00 GMT
      Sforce-Limit-Info:
      - api-usage=50/15000
    body:
      encoding: UTF-8
      string: ''
    http_version: 
  recorded_at: Mon, 08 Jun 2015 22:13:01 GMT
recorded_with: VCR 2.9.3
